// Jest Snapshot v1, https://goo.gl/fbAQLP

exports[`createWindowSettings 1`] = `
Object {
  "height": 800,
  "resizable": false,
  "title": "New note",
  "width": 500,
}
`;

exports[`mainWindowSettings 1`] = `
Object {
  "webPreferences": Object {
    "backgroundThrottling": false,
  },
}
`;
